// Jest Snapshot v1, https://goo.gl/fbAQLP

exports[`IconButton should renders correctly 1`] = `
<button
  className="icon_btn"
  type="button"
/>
`;
