// Jest Snapshot v1, https://goo.gl/fbAQLP

exports[`Navbar should render logo, navlinks and cart button when vw is large or more 1`] = `
<div
  className="container"
>
  <nav>
    <Link
      to="/"
    >
      <ForwardRef(SvgLogo) />
    </Link>
    <NavLinks
      direction="horizontal"
    />
    <span
      className="center"
    >
      <IconButton
        data-testid="cart-btn"
        onClick={[Function]}
      >
        <Icon
          color="#fff"
          direction={0}
          path="M8.625 15.833c1.132 0 2.054.935 2.054 2.084 0 1.148-.922 2.083-2.054 2.083-1.132 0-2.054-.935-2.054-2.083 0-1.15.922-2.084 2.054-2.084zm9.857 0c1.132 0 2.054.935 2.054 2.084 0 1.148-.922 2.083-2.054 2.083-1.132 0-2.053-.935-2.053-2.083 0-1.15.92-2.084 2.053-2.084zm-9.857 1.39a.69.69 0 00-.685.694.69.69 0 00.685.694.69.69 0 00.685-.694.69.69 0 00-.685-.695zm9.857 0a.69.69 0 00-.684.694.69.69 0 00.684.694.69.69 0 00.685-.694.69.69 0 00-.685-.695zM4.717 0c.316 0 .59.215.658.517l.481 2.122h16.47a.68.68 0 01.538.262c.127.166.168.38.11.579l-2.695 9.236a.672.672 0 01-.648.478H7.41a.667.667 0 00-.673.66c0 .364.303.66.674.66h12.219c.372 0 .674.295.674.66 0 .364-.302.66-.674.66H7.412c-1.115 0-2.021-.889-2.021-1.98 0-.812.502-1.511 1.218-1.816L4.176 1.32H.674A.667.667 0 010 .66C0 .296.302 0 .674 0zm16.716 3.958H6.156l1.797 7.917h11.17l2.31-7.917z"
          size={24}
        />
      </IconButton>
    </span>
  </nav>
</div>
`;

exports[`Navbar should render menu button, logo and cart button when vw is medium or less 1`] = `
<div
  className="container"
>
  <nav>
    <IconButton
      data-testid="menu-btn"
      onClick={[Function]}
    >
      <Icon
        color="#fff"
        direction={0}
        path="M3 18h18v-2H3v2zm0-5h18v-2H3v2zm0-7v2h18V6H3z"
        size={30}
      />
    </IconButton>
    <Link
      to="/"
    >
      <ForwardRef(SvgLogo) />
    </Link>
    <div
      className="hide"
      data-testid="navlinks-container"
    >
      <NavLinks
        direction="vertical"
      />
    </div>
    <span>
      <IconButton
        data-testid="cart-btn"
        onClick={[Function]}
      >
        <Icon
          color="#fff"
          direction={0}
          path="M8.625 15.833c1.132 0 2.054.935 2.054 2.084 0 1.148-.922 2.083-2.054 2.083-1.132 0-2.054-.935-2.054-2.083 0-1.15.922-2.084 2.054-2.084zm9.857 0c1.132 0 2.054.935 2.054 2.084 0 1.148-.922 2.083-2.054 2.083-1.132 0-2.053-.935-2.053-2.083 0-1.15.92-2.084 2.053-2.084zm-9.857 1.39a.69.69 0 00-.685.694.69.69 0 00.685.694.69.69 0 00.685-.694.69.69 0 00-.685-.695zm9.857 0a.69.69 0 00-.684.694.69.69 0 00.684.694.69.69 0 00.685-.694.69.69 0 00-.685-.695zM4.717 0c.316 0 .59.215.658.517l.481 2.122h16.47a.68.68 0 01.538.262c.127.166.168.38.11.579l-2.695 9.236a.672.672 0 01-.648.478H7.41a.667.667 0 00-.673.66c0 .364.303.66.674.66h12.219c.372 0 .674.295.674.66 0 .364-.302.66-.674.66H7.412c-1.115 0-2.021-.889-2.021-1.98 0-.812.502-1.511 1.218-1.816L4.176 1.32H.674A.667.667 0 010 .66C0 .296.302 0 .674 0zm16.716 3.958H6.156l1.797 7.917h11.17l2.31-7.917z"
          size={24}
        />
      </IconButton>
    </span>
  </nav>
</div>
`;
