// Jest Snapshot v1, https://goo.gl/fbAQLP

exports[`CategoryPageHeader should renders correctly 1`] = `
<div
  className="container"
>
  <h2>
    some-category
  </h2>
</div>
`;
